// Jest Snapshot v1, https://goo.gl/fbAQLP

exports[`Loading login renders correctly 1`] = `
"<div className=\\"Login pt-dark\\">
  <Blueprint3.Card className=\\"login-card pt-elevation-4\\" elevation={0} interactive={false}>
    <div className=\\"login-body\\">
      <Blueprint3.NonIdealState description=\\"Logging In...\\" icon={{...}} />
    </div>
  </Blueprint3.Card>
</div>"
`;

exports[`Login renders correctly 1`] = `
"<div className=\\"Login pt-dark\\">
  <Blueprint3.Card className=\\"login-card pt-elevation-4\\" elevation={0} interactive={false}>
    <div className=\\"login-header\\">
      <h4>
        <Blueprint3.Icon icon=\\"lock\\" />
        LOGIN
      </h4>
    </div>
    <div className=\\"login-body\\">
      <Blueprint3.ButtonGroup fill={true} vertical={true}>
        <Blueprint3.Button className=\\"pt-large\\" rightIcon=\\"log-in\\" onClick={[Function: handleLogin]}>
          Log in with IVLE
        </Blueprint3.Button>
        <NavLink to=\\"/playground\\" activeClassName=\\"active\\" aria-current=\\"page\\">
          <Blueprint3.Button className=\\"pt-large\\" rightIcon=\\"code\\">
            Try out the playground
          </Blueprint3.Button>
        </NavLink>
      </Blueprint3.ButtonGroup>
    </div>
  </Blueprint3.Card>
</div>"
`;
