// Jest Snapshot v1, https://goo.gl/fbAQLP

exports[`NavigationBar renders "Not logged in" correctly 1`] = `
"<Blueprint3.Navbar className=\\"NavigationBar primary-navbar pt-dark\\">
  <Blueprint3.NavbarGroup align=\\"left\\">
    <NavLink activeClassName=\\"pt-active\\" className=\\"NavigationBar__link pt-button pt-minimal\\" to=\\"/academy\\" aria-current=\\"page\\">
      <Blueprint3.Icon icon=\\"symbol-diamond\\" />
      <Blueprint3.NavbarHeading className=\\"hidden-xs\\">
        Source Academy
      </Blueprint3.NavbarHeading>
    </NavLink>
    <NavLink activeClassName=\\"pt-active\\" className=\\"NavigationBar__link pt-button pt-minimal\\" target=\\"_blank\\" to=\\"https://ivle.nus.edu.sg/v1/Module/Student/default.aspx?CourseID=a6579f36-4d7d-41fb-b394-92a00b78148b\\" aria-current=\\"page\\">
      <Blueprint3.Icon icon=\\"book\\" />
      <div className=\\"navbar-button-text hidden-xs\\">
        News &amp; Material
      </div>
    </NavLink>
    <NavLink activeClassName=\\"pt-active\\" className=\\"NavigationBar__link pt-button pt-minimal\\" target=\\"_blank\\" to=\\"https://piazza.com/nus.edu.sg/fall2018/cs1101s\\" aria-current=\\"page\\">
      <Blueprint3.Icon icon=\\"chat\\" />
      <div className=\\"navbar-button-text hidden-xs\\">
        Forum
      </div>
    </NavLink>
  </Blueprint3.NavbarGroup>
  <Blueprint3.NavbarGroup align=\\"right\\">
    <NavLink activeClassName=\\"pt-active\\" className=\\"NavigationBar__link pt-button pt-minimal\\" to=\\"/playground\\" aria-current=\\"page\\">
      <Blueprint3.Icon icon=\\"code\\" />
      <div className=\\"navbar-button-text hidden-xs\\">
        Playground
      </div>
    </NavLink>
    <div className=\\"visible-xs\\">
      <Blueprint3.NavbarDivider className=\\"thin-divider\\" />
    </div>
    <div className=\\"hidden-xs\\">
      <Blueprint3.NavbarDivider className=\\"default-divider\\" />
    </div>
    <Dropdown handleLogOut={[Function: handleLogOut]} name={[undefined]} />
  </Blueprint3.NavbarGroup>
</Blueprint3.Navbar>"
`;

exports[`NavigationBar renders correctly with username 1`] = `
"<Blueprint3.Navbar className=\\"NavigationBar primary-navbar pt-dark\\">
  <Blueprint3.NavbarGroup align=\\"left\\">
    <NavLink activeClassName=\\"pt-active\\" className=\\"NavigationBar__link pt-button pt-minimal\\" to=\\"/academy\\" aria-current=\\"page\\">
      <Blueprint3.Icon icon=\\"symbol-diamond\\" />
      <Blueprint3.NavbarHeading className=\\"hidden-xs\\">
        Source Academy
      </Blueprint3.NavbarHeading>
    </NavLink>
    <NavLink activeClassName=\\"pt-active\\" className=\\"NavigationBar__link pt-button pt-minimal\\" target=\\"_blank\\" to=\\"https://ivle.nus.edu.sg/v1/Module/Student/default.aspx?CourseID=a6579f36-4d7d-41fb-b394-92a00b78148b\\" aria-current=\\"page\\">
      <Blueprint3.Icon icon=\\"book\\" />
      <div className=\\"navbar-button-text hidden-xs\\">
        News &amp; Material
      </div>
    </NavLink>
    <NavLink activeClassName=\\"pt-active\\" className=\\"NavigationBar__link pt-button pt-minimal\\" target=\\"_blank\\" to=\\"https://piazza.com/nus.edu.sg/fall2018/cs1101s\\" aria-current=\\"page\\">
      <Blueprint3.Icon icon=\\"chat\\" />
      <div className=\\"navbar-button-text hidden-xs\\">
        Forum
      </div>
    </NavLink>
  </Blueprint3.NavbarGroup>
  <Blueprint3.NavbarGroup align=\\"right\\">
    <NavLink activeClassName=\\"pt-active\\" className=\\"NavigationBar__link pt-button pt-minimal\\" to=\\"/playground\\" aria-current=\\"page\\">
      <Blueprint3.Icon icon=\\"code\\" />
      <div className=\\"navbar-button-text hidden-xs\\">
        Playground
      </div>
    </NavLink>
    <div className=\\"visible-xs\\">
      <Blueprint3.NavbarDivider className=\\"thin-divider\\" />
    </div>
    <div className=\\"hidden-xs\\">
      <Blueprint3.NavbarDivider className=\\"default-divider\\" />
    </div>
    <Dropdown handleLogOut={[Function: handleLogOut]} name={[undefined]} />
  </Blueprint3.NavbarGroup>
</Blueprint3.Navbar>"
`;
